           id  name                  remote_name         
=========================================================
            1  'local_1'             'remote_a1'         
            2  'local_2'             'remote_b1'         
            3  'local_3'             'remote_c1'         
            4  'local_4'             NULL                
            5  'local_5'             'remote_e1'         

5 rows selected.
           id  name                  remote_name         
=========================================================
            1  'local_1'             'remote_a1'         
            2  'local_2'             'remote_b1'         
            3  'local_3'             'remote_c1'         
            4  'local_4'             NULL                
            5  'local_5'             'remote_e1'         

5 rows selected.
