           id  name                  name                
=========================================================
            1  'lnk_1'               'remote_a1'         
            2  'lnk_2'               'remote_b1'         
            2  'lnk_2'               'remote_b2'         

3 rows selected.
