           id  code                  name                  val                 
===============================================================================
            1  'A'                   'lc_1A'               'rc_1A'             
            2  'B'                   'lc_2B'               'rc_2B'             

2 rows selected.
