           id  name                  val                 
=========================================================
            1  '0000000001'          'R_01'              
            2  '0000000002'          'R_02'              
            3  '0000000003'          'R_03'              
            4  '0000000004'          'R_04'              
            5  '0000000005'          'R_05'              

5 rows selected.
